Archive member included to satisfy reference by file (symbol)

kernel/blk_drv/blk_drv.a(ll_rw_blk.o)
                              fs/fs.o (ll_rw_block)
kernel/blk_drv/blk_drv.a(floppy.o)
                              kernel/kernel.o (do_floppy)
kernel/blk_drv/blk_drv.a(hd.o)
                              kernel/kernel.o (do_hd)
kernel/blk_drv/blk_drv.a(ramdisk.o)
                              kernel/blk_drv/blk_drv.a(hd.o) (rd_load)
kernel/chr_drv/chr_drv.a(tty_io.o)
                              init/main.o (tty_init)
kernel/chr_drv/chr_drv.a(console.o)
                              kernel/chr_drv/chr_drv.a(tty_io.o) (con_write)
kernel/chr_drv/chr_drv.a(keyboard.o)
                              kernel/chr_drv/chr_drv.a(console.o) (keyboard_interrupt)
kernel/chr_drv/chr_drv.a(serial.o)
                              kernel/chr_drv/chr_drv.a(tty_io.o) (rs_init)
kernel/chr_drv/chr_drv.a(rs_io.o)
                              kernel/chr_drv/chr_drv.a(serial.o) (rs1_interrupt)
kernel/chr_drv/chr_drv.a(tty_ioctl.o)
                              fs/fs.o (tty_ioctl)
kernel/math/math.a(math_emulate.o)
                              kernel/kernel.o (math_emulate)
lib/lib.a(ctype.o)            kernel/chr_drv/chr_drv.a(tty_io.o) (_ctype)
lib/lib.a(_exit.o)            init/main.o (_exit)
lib/lib.a(open.o)             init/main.o (open)
lib/lib.a(close.o)            init/main.o (close)
lib/lib.a(errno.o)            init/main.o (errno)
lib/lib.a(write.o)            init/main.o (write)
lib/lib.a(dup.o)              init/main.o (dup)
lib/lib.a(setsid.o)           init/main.o (setsid)
lib/lib.a(execve.o)           init/main.o (execve)
lib/lib.a(wait.o)             init/main.o (wait)
lib/lib.a(string.o)           fs/fs.o (strcmp)

Allocating common symbols
Common symbol       size              file

errno               0x4               lib/lib.a(errno.o)
hash_table          0x4cc             fs/fs.o
___strtok           0x4               lib/lib.a(string.o)
rd_start            0x4               kernel/blk_drv/blk_drv.a(ramdisk.o)
request             0x480             kernel/blk_drv/blk_drv.a(ll_rw_blk.o)
user_stack          0x1000            kernel/kernel.o
_ctmp               0x1               lib/lib.a(ctype.o)
super_block         0x360             fs/fs.o
drive_info          0x20              init/main.o
file_table          0x400             fs/fs.o

Discarded input sections

 .note.GNU-stack
                0x0000000000000000        0x0 init/main.o
 .note.GNU-stack
                0x0000000000000000        0x0 kernel/kernel.o
 .note.GNU-stack
                0x0000000000000000        0x0 mm/mm.o
 .note.GNU-stack
                0x0000000000000000        0x0 fs/fs.o
 .debug_aranges
                0x0000000000000000      0x218 fs/fs.o
 .debug_info    0x0000000000000000     0x8aaa fs/fs.o
 .debug_abbrev  0x0000000000000000     0x19d7 fs/fs.o
 .debug_line    0x0000000000000000     0x1c0f fs/fs.o
 .debug_str     0x0000000000000000     0x4620 fs/fs.o
 .note.GNU-stack
                0x0000000000000000        0x0 kernel/blk_drv/blk_drv.a(ll_rw_blk.o)
 .note.GNU-stack
                0x0000000000000000        0x0 kernel/blk_drv/blk_drv.a(floppy.o)
 .note.GNU-stack
                0x0000000000000000        0x0 kernel/blk_drv/blk_drv.a(hd.o)
 .note.GNU-stack
                0x0000000000000000        0x0 kernel/blk_drv/blk_drv.a(ramdisk.o)
 .note.GNU-stack
                0x0000000000000000        0x0 kernel/chr_drv/chr_drv.a(tty_io.o)
 .note.GNU-stack
                0x0000000000000000        0x0 kernel/chr_drv/chr_drv.a(console.o)
 .note.GNU-stack
                0x0000000000000000        0x0 kernel/chr_drv/chr_drv.a(serial.o)
 .note.GNU-stack
                0x0000000000000000        0x0 kernel/chr_drv/chr_drv.a(tty_ioctl.o)
 .note.GNU-stack
                0x0000000000000000        0x0 kernel/math/math.a(math_emulate.o)
 .note.GNU-stack
                0x0000000000000000        0x0 lib/lib.a(ctype.o)
 .note.GNU-stack
                0x0000000000000000        0x0 lib/lib.a(_exit.o)
 .note.GNU-stack
                0x0000000000000000        0x0 lib/lib.a(open.o)
 .note.GNU-stack
                0x0000000000000000        0x0 lib/lib.a(close.o)
 .note.GNU-stack
                0x0000000000000000        0x0 lib/lib.a(errno.o)
 .note.GNU-stack
                0x0000000000000000        0x0 lib/lib.a(write.o)
 .note.GNU-stack
                0x0000000000000000        0x0 lib/lib.a(dup.o)
 .note.GNU-stack
                0x0000000000000000        0x0 lib/lib.a(setsid.o)
 .note.GNU-stack
                0x0000000000000000        0x0 lib/lib.a(execve.o)
 .note.GNU-stack
                0x0000000000000000        0x0 lib/lib.a(wait.o)
 .note.GNU-stack
                0x0000000000000000        0x0 lib/lib.a(string.o)

Memory Configuration

Name             Origin             Length             Attributes
*default*        0x0000000000000000 0xffffffffffffffff

Linker script and memory map

Address of section .text set to 0x0
LOAD boot/head.o
LOAD init/main.o
LOAD kernel/kernel.o
LOAD mm/mm.o
LOAD fs/fs.o
LOAD kernel/blk_drv/blk_drv.a
LOAD kernel/chr_drv/chr_drv.a
LOAD kernel/math/math.a
LOAD lib/lib.a
                [!provide]                        PROVIDE (__executable_start, 0x8048000)
                0x0000000008048094                . = (0x8048000 + SIZEOF_HEADERS)

.interp
 *(.interp)

.note.gnu.build-id
 *(.note.gnu.build-id)

.hash
 *(.hash)

.gnu.hash
 *(.gnu.hash)

.dynsym
 *(.dynsym)

.dynstr
 *(.dynstr)

.gnu.version
 *(.gnu.version)

.gnu.version_d
 *(.gnu.version_d)

.gnu.version_r
 *(.gnu.version_r)

.rel.dyn        0x0000000008048094        0x0
 *(.rel.init)
 *(.rel.text .rel.text.* .rel.gnu.linkonce.t.*)
 .rel.text      0x0000000008048094        0x0 boot/head.o
 *(.rel.fini)
 *(.rel.rodata .rel.rodata.* .rel.gnu.linkonce.r.*)
 *(.rel.data.rel.ro .rel.data.rel.ro.* .rel.gnu.linkonce.d.rel.ro.*)
 *(.rel.data .rel.data.* .rel.gnu.linkonce.d.*)
 .rel.data      0x0000000008048094        0x0 boot/head.o
 *(.rel.tdata .rel.tdata.* .rel.gnu.linkonce.td.*)
 *(.rel.tbss .rel.tbss.* .rel.gnu.linkonce.tb.*)
 *(.rel.ctors)
 *(.rel.dtors)
 *(.rel.got)
 *(.rel.bss .rel.bss.* .rel.gnu.linkonce.b.*)
 *(.rel.ifunc)

.rel.plt        0x0000000008048094        0x0
 *(.rel.plt)
                [!provide]                        PROVIDE (__rel_iplt_start, .)
 *(.rel.iplt)
 .rel.iplt      0x0000000008048094        0x0 boot/head.o
                [!provide]                        PROVIDE (__rel_iplt_end, .)

.init
 *(SORT(.init))

.plt            0x00000000080480a0        0x0
 *(.plt)
 *(.iplt)
 .iplt          0x00000000080480a0        0x0 boot/head.o

.text           0x0000000000000000    0x15231
 *(.text.unlikely .text.*_unlikely .text.unlikely.*)
 *(.text.exit .text.exit.*)
 *(.text.startup .text.startup.*)
 *(.text.hot .text.hot.*)
 *(.text .stub .text.* .gnu.linkonce.t.*)
 .text          0x0000000000000000     0x64b8 boot/head.o
                0x0000000000000000                _start
                0x0000000000000000                pg_dir
                0x0000000000005000                tmp_floppy_area
                0x00000000000054b8                idt
                0x0000000000005cb8                gdt
 .text          0x00000000000064b8      0x4d0 init/main.o
                0x00000000000064f9                init
                0x000000000000670b                main
 .text          0x0000000000006988     0x2692 kernel/kernel.o
                0x0000000000006988                sys_alarm
                0x00000000000069dc                sys_getpid
                0x00000000000069e8                sys_getppid
                0x00000000000069f4                sys_getuid
                0x0000000000006a01                sys_geteuid
                0x0000000000006a0e                sys_getgid
                0x0000000000006a1b                sys_getegid
                0x0000000000006a28                sys_nice
                0x0000000000006a41                show_task
                0x0000000000006ab3                show_stat
                0x0000000000006ade                math_state_restore
                0x0000000000006b1a                schedule
                0x0000000000006be5                sys_pause
                0x0000000000006c01                sleep_on
                0x0000000000006c4f                interruptible_sleep_on
                0x0000000000006cb9                wake_up
                0x0000000000006cd4                ticks_to_floppy_on
                0x0000000000006d61                floppy_on
                0x0000000000006d8f                floppy_off
                0x0000000000006d9f                do_floppy_timer
                0x0000000000006e16                add_timer
                0x0000000000006ecd                do_timer
                0x0000000000006f7b                sched_init
                0x00000000000070be                system_call
                0x0000000000007138                coprocessor_error
                0x000000000000715a                device_not_available
                0x0000000000007194                timer_interrupt
                0x00000000000071cc                sys_execve
                0x00000000000071da                sys_fork
                0x00000000000071f2                hd_interrupt
                0x000000000000722e                floppy_interrupt
                0x0000000000007264                parallel_interrupt
                0x000000000000726c                switch_to
                0x00000000000072c9                init_eip
                0x00000000000072dc                ret_from_fork
                0x0000000000007453                do_double_fault
                0x000000000000746c                do_general_protection
                0x0000000000007485                do_divide_error
                0x000000000000749e                do_int3
                0x0000000000007556                do_nmi
                0x000000000000756f                do_debug
                0x0000000000007588                do_overflow
                0x00000000000075a1                do_bounds
                0x00000000000075ba                do_invalid_op
                0x00000000000075d3                do_device_not_available
                0x00000000000075ec                do_coprocessor_segment_overrun
                0x0000000000007605                do_invalid_TSS
                0x000000000000761e                do_segment_not_present
                0x0000000000007637                do_stack_segment
                0x0000000000007650                do_coprocessor_error
                0x0000000000007676                do_reserved
                0x000000000000768f                trap_init
                0x0000000000007899                divide_error
                0x00000000000078ce                debug
                0x00000000000078d5                nmi
                0x00000000000078dc                int3
                0x00000000000078e3                overflow
                0x00000000000078ea                bounds
                0x00000000000078f1                invalid_op
                0x00000000000078f8                coprocessor_segment_overrun
                0x00000000000078ff                reserved
                0x0000000000007906                irq13
                0x000000000000791b                double_fault
                0x0000000000007960                invalid_TSS
                0x000000000000798b                segment_not_present
                0x0000000000007992                stack_segment
                0x0000000000007999                general_protection
                0x00000000000079a0                verify_area
                0x0000000000007a02                copy_mem
                0x0000000000007aec                copy_process
                0x0000000000007d6c                find_empty_process
                0x0000000000007dc7                panic
                0x0000000000007e02                printk
                0x0000000000008021                vsprintf
                0x00000000000083f2                sys_ftime
                0x00000000000083f8                sys_break
                0x00000000000083fe                sys_ptrace
                0x0000000000008404                sys_stty
                0x000000000000840a                sys_gtty
                0x0000000000008410                sys_rename
                0x0000000000008416                sys_prof
                0x000000000000841c                sys_setregid
                0x00000000000084a3                sys_setgid
                0x00000000000084ba                sys_acct
                0x00000000000084c0                sys_phys
                0x00000000000084c6                sys_lock
                0x00000000000084cc                sys_mpx
                0x00000000000084d2                sys_ulimit
                0x00000000000084d8                sys_time
                0x000000000000851d                sys_setreuid
                0x00000000000085a1                sys_setuid
                0x00000000000085b8                sys_stime
                0x00000000000085fd                sys_times
                0x000000000000864f                sys_brk
                0x000000000000867d                sys_setpgid
                0x0000000000008702                sys_getpgrp
                0x000000000000870e                sys_setsid
                0x0000000000008754                sys_uname
                0x000000000000879f                sys_umask
                0x00000000000087be                sys_whoami
                0x00000000000087d6                release
                0x000000000000882e                sys_kill
                0x00000000000089ec                do_exit
                0x0000000000008bf8                sys_exit
                0x0000000000008c11                sys_waitpid
                0x0000000000008d6b                sys_sgetmask
                0x0000000000008d77                sys_ssetmask
                0x0000000000008d91                sys_signal
                0x0000000000008dd5                sys_sigaction
                0x0000000000008ea0                do_signal
                0x0000000000008f70                kernel_mktime
 .text          0x000000000000901a      0x79f mm/mm.o
                0x000000000000901a                get_free_page
                0x0000000000009050                free_page
                0x00000000000090a1                free_page_tables
                0x0000000000009146                copy_page_tables
                0x0000000000009236                put_page
                0x00000000000092d9                un_wp_page
                0x000000000000936e                do_wp_page
                0x000000000000939e                write_verify
                0x00000000000093dd                get_empty_page
                0x0000000000009425                do_no_page
                0x00000000000096b0                mem_init
                0x00000000000096f4                calc_mem
                0x0000000000009782                page_fault
 .text          0x00000000000097b9     0x75e3 fs/fs.o
                0x00000000000097cf                sys_ustat
                0x00000000000097d5                sys_utime
                0x0000000000009882                sys_access
                0x000000000000995e                sys_chdir
                0x00000000000099d2                sys_chroot
                0x0000000000009a46                sys_chmod
                0x0000000000009ae0                sys_chown
                0x0000000000009b5b                sys_open
                0x0000000000009e03                sys_creat
                0x0000000000009e26                sys_close
                0x0000000000009ef7                sys_lseek
                0x000000000000a00f                sys_read
                0x000000000000a203                sys_write
                0x000000000000a421                invalidate_inodes
                0x000000000000a490                sync_inodes
                0x000000000000a8d3                bmap
                0x000000000000a8f6                create_block
                0x000000000000a919                iput
                0x000000000000aa88                get_empty_inode
                0x000000000000abdd                get_pipe_inode
                0x000000000000ac52                iget
                0x000000000000b049                sys_sync
                0x000000000000b0ac                sync_dev
                0x000000000000b1a5                invalidate_buffers
                0x000000000000b217                check_disk_change
                0x000000000000b4e5                get_hash_table
                0x000000000000b567                getblk
                0x000000000000b705                brelse
                0x000000000000b74e                bread
                0x000000000000b7d3                bread_page
                0x000000000000b8f5                breada
                0x000000000000b9ea                buffer_init
                0x000000000000bb8b                get_super
                0x000000000000bbfa                put_super
                0x000000000000c00e                sys_umount
                0x000000000000c16f                sys_mount
                0x000000000000c2e0                mount_root
                0x000000000000c51e                block_write
                0x000000000000c670                block_read
                0x000000000000c9db                rw_char
                0x000000000000ca6b                file_read
                0x000000000000cc16                file_write
                0x000000000000ceff                sys_stat
                0x000000000000cf49                sys_fstat
                0x000000000000d579                do_execve
                0x000000000000e02c                read_pipe
                0x000000000000e182                write_pipe
                0x000000000000e301                sys_pipe
                0x000000000000ecea                namei
                0x000000000000ee00                open_namei
                0x000000000000f153                sys_mknod
                0x000000000000f383                sys_mkdir
                0x000000000000f912                sys_rmdir
                0x000000000000fc6a                sys_unlink
                0x000000000000ff0b                sys_link
                0x0000000000010189                free_block
                0x0000000000010301                new_block
                0x00000000000104a9                free_inode
                0x0000000000010616                new_inode
                0x00000000000108d5                sys_dup2
                0x00000000000108fc                sys_dup
                0x0000000000010917                sys_fcntl
                0x0000000000010a57                sys_ioctl
                0x0000000000010c67                truncate
 .text          0x0000000000010d9c      0x203 kernel/blk_drv/blk_drv.a(ll_rw_blk.o)
                0x0000000000010d9c                ll_rw_block
                0x0000000000010f80                blk_dev_init
 .text          0x0000000000010f9f      0xc1d kernel/blk_drv/blk_drv.a(floppy.o)
                0x0000000000011649                floppy_deselect
                0x0000000000011a35                floppy_change
                0x0000000000011aac                setup_rw_floppy
                0x0000000000011b48                unexpected_floppy_interrupt
                0x0000000000011b85                floppy_init
 .text          0x0000000000011bbc      0x9a2 kernel/blk_drv/blk_drv.a(hd.o)
                0x00000000000122b7                sys_setup
                0x0000000000012503                unexpected_hd_interrupt
                0x0000000000012516                hd_init
 .text          0x000000000001255e      0x38d kernel/blk_drv/blk_drv.a(ramdisk.o)
                0x0000000000012713                rd_init
                0x0000000000012742                rd_load
 .text          0x00000000000128eb      0x896 kernel/chr_drv/chr_drv.a(tty_io.o)
                0x000000000001292b                tty_init
                0x000000000001293c                tty_intr
                0x0000000000012973                wait_for_keypress
                0x0000000000012984                copy_to_cooked
                0x0000000000012cda                tty_read
                0x0000000000012f58                tty_write
                0x0000000000013159                do_tty_interrupt
                0x0000000000013180                chr_dev_init
 .text          0x0000000000013181      0xf2c kernel/chr_drv/chr_drv.a(console.o)
                0x000000000001340d                csi_m
                0x0000000000013456                con_write
                0x0000000000013ee9                con_init
                0x000000000001409c                sysbeepstop
 .text          0x00000000000140ad      0x7e2 kernel/chr_drv/chr_drv.a(keyboard.o)
                0x00000000000140b0                keyboard_interrupt
 .text          0x000000000001488f       0xca kernel/chr_drv/chr_drv.a(serial.o)
                0x00000000000148d9                rs_init
                0x0000000000014931                rs_write
 *fill*         0x0000000000014959        0x1 
 .text          0x000000000001495a       0xef kernel/chr_drv/chr_drv.a(rs_io.o)
                0x000000000001495a                rs1_interrupt
                0x0000000000014962                rs2_interrupt
 .text          0x0000000000014a49      0x333 kernel/chr_drv/chr_drv.a(tty_ioctl.o)
                0x0000000000014a97                tty_ioctl
 .text          0x0000000000014d7c       0x87 kernel/math/math.a(math_emulate.o)
                0x0000000000014d7c                math_emulate
                0x0000000000014df0                math_error
 .text          0x0000000000014e03        0x0 lib/lib.a(ctype.o)
 .text          0x0000000000014e03        0xe lib/lib.a(_exit.o)
                0x0000000000014e03                _exit
 .text          0x0000000000014e11       0x26 lib/lib.a(open.o)
                0x0000000000014e11                open
 .text          0x0000000000014e37       0x1e lib/lib.a(close.o)
                0x0000000000014e37                close
 .text          0x0000000000014e55        0x0 lib/lib.a(errno.o)
 .text          0x0000000000014e55       0x26 lib/lib.a(write.o)
                0x0000000000014e55                write
 .text          0x0000000000014e7b       0x1e lib/lib.a(dup.o)
                0x0000000000014e7b                dup
 .text          0x0000000000014e99       0x18 lib/lib.a(setsid.o)
                0x0000000000014e99                setsid
 .text          0x0000000000014eb1       0x26 lib/lib.a(execve.o)
                0x0000000000014eb1                execve
 .text          0x0000000000014ed7       0x4e lib/lib.a(wait.o)
                0x0000000000014ed7                waitpid
                0x0000000000014efd                wait
 .text          0x0000000000014f25      0x30c lib/lib.a(string.o)
                0x0000000000014f25                strcpy
                0x0000000000014f3b                strncpy
                0x0000000000014f5a                strcat
                0x0000000000014f7d                strncat
                0x0000000000014faa                strcmp
                0x0000000000014fcd                strncmp
                0x0000000000014ff7                strchr
                0x0000000000015016                strrchr
                0x0000000000015037                strspn
                0x000000000001506a                strcspn
                0x000000000001509d                strpbrk
                0x00000000000150d0                strstr
                0x0000000000015103                strlen
                0x000000000001511c                strtok
                0x0000000000015195                memcpy
                0x00000000000151ab                memmove
                0x00000000000151d2                memcmp
                0x00000000000151f6                memchr
                0x000000000001521d                memset
 *(.gnu.warning)

.fini
 *(SORT(.fini))
                [!provide]                        PROVIDE (__etext, .)
                [!provide]                        PROVIDE (_etext, .)
                [!provide]                        PROVIDE (etext, .)

.rodata         0x0000000000015240     0x1490
 *(.rodata .rodata.* .gnu.linkonce.r.*)
 .rodata.str1.1
                0x0000000000015240       0x5c init/main.o
                                         0x64 (size before relaxing)
 .rodata.str1.4
                0x000000000001529c       0x49 init/main.o
 *fill*         0x00000000000152e5       0x1b 
 .rodata        0x0000000000015300      0x110 kernel/kernel.o
 .rodata.str1.1
                0x0000000000015410      0x1ee kernel/kernel.o
                                        0x1f3 (size before relaxing)
 *fill*         0x00000000000155fe        0x2 
 .rodata.str1.4
                0x0000000000015600      0x1c4 kernel/kernel.o
 .rodata.str1.4
                0x00000000000157c4      0x111 mm/mm.o
 .rodata.str1.1
                0x00000000000158d5       0x78 mm/mm.o
 *fill*         0x000000000001594d        0x3 
 .rodata        0x0000000000015950      0x62c fs/fs.o
 .rodata.str1.4
                0x0000000000015f7c       0x7b kernel/blk_drv/blk_drv.a(ll_rw_blk.o)
 .rodata.str1.1
                0x0000000000015ff7       0xa8 kernel/blk_drv/blk_drv.a(floppy.o)
 *fill*         0x000000000001609f        0x1 
 .rodata.str1.4
                0x00000000000160a0       0x8a kernel/blk_drv/blk_drv.a(floppy.o)
 .rodata.str1.1
                0x000000000001612a       0xdd kernel/blk_drv/blk_drv.a(hd.o)
                                         0xf5 (size before relaxing)
 *fill*         0x0000000000016207        0x1 
 .rodata.str1.4
                0x0000000000016208       0xc2 kernel/blk_drv/blk_drv.a(hd.o)
 *fill*         0x00000000000162ca        0x2 
 .rodata.str1.4
                0x00000000000162cc      0x116 kernel/blk_drv/blk_drv.a(ramdisk.o)
 .rodata.str1.1
                0x00000000000163e2       0x5c kernel/blk_drv/blk_drv.a(ramdisk.o)
                                         0x71 (size before relaxing)
 *fill*         0x000000000001643e        0x2 
 .rodata        0x0000000000016440      0x15c kernel/chr_drv/chr_drv.a(console.o)
 .rodata.str1.1
                0x000000000001659c       0x1c kernel/chr_drv/chr_drv.a(console.o)
 .rodata.str1.1
                0x00000000000165b8       0x11 kernel/chr_drv/chr_drv.a(tty_ioctl.o)
 *fill*         0x00000000000165c9       0x17 
 .rodata        0x00000000000165e0       0xa0 kernel/chr_drv/chr_drv.a(tty_ioctl.o)
 .rodata.str1.1
                0x0000000000016680       0x30 kernel/math/math.a(math_emulate.o)
 .rodata.str1.4
                0x00000000000166b0       0x20 kernel/math/math.a(math_emulate.o)

.rodata1
 *(.rodata1)

.eh_frame_hdr
 *(.eh_frame_hdr)

.eh_frame       0x00000000000166d0     0x2654
 *(.eh_frame)
 .eh_frame      0x00000000000166d0       0x80 init/main.o
 .eh_frame      0x0000000000016750      0xa5c kernel/kernel.o
                                        0xb4c (size before relaxing)
 .eh_frame      0x00000000000171ac      0x1fc mm/mm.o
                                        0x214 (size before relaxing)
 .eh_frame      0x00000000000173a8      0xe20 fs/fs.o
                                        0xfa0 (size before relaxing)
 .eh_frame      0x00000000000181c8       0x54 kernel/blk_drv/blk_drv.a(ll_rw_blk.o)
                                         0x6c (size before relaxing)
 .eh_frame      0x000000000001821c      0x228 kernel/blk_drv/blk_drv.a(floppy.o)
                                        0x240 (size before relaxing)
 .eh_frame      0x0000000000018444      0x188 kernel/blk_drv/blk_drv.a(hd.o)
                                        0x1a0 (size before relaxing)
 .eh_frame      0x00000000000185cc       0x88 kernel/blk_drv/blk_drv.a(ramdisk.o)
                                         0xa0 (size before relaxing)
 .eh_frame      0x0000000000018654      0x16c kernel/chr_drv/chr_drv.a(tty_io.o)
                                        0x184 (size before relaxing)
 .eh_frame      0x00000000000187c0      0x11c kernel/chr_drv/chr_drv.a(console.o)
                                        0x134 (size before relaxing)
 .eh_frame      0x00000000000188dc       0x4c kernel/chr_drv/chr_drv.a(serial.o)
                                         0x64 (size before relaxing)
 .eh_frame      0x0000000000018928       0x64 kernel/chr_drv/chr_drv.a(tty_ioctl.o)
                                         0x7c (size before relaxing)
 .eh_frame      0x000000000001898c       0x40 kernel/math/math.a(math_emulate.o)
                                         0x58 (size before relaxing)
 .eh_frame      0x00000000000189cc       0x1c lib/lib.a(_exit.o)
                                         0x34 (size before relaxing)
 .eh_frame      0x00000000000189e8       0x1c lib/lib.a(open.o)
                                         0x34 (size before relaxing)
 .eh_frame      0x0000000000018a04       0x1c lib/lib.a(close.o)
                                         0x34 (size before relaxing)
 .eh_frame      0x0000000000018a20       0x1c lib/lib.a(write.o)
                                         0x34 (size before relaxing)
 .eh_frame      0x0000000000018a3c       0x1c lib/lib.a(dup.o)
                                         0x34 (size before relaxing)
 .eh_frame      0x0000000000018a58       0x14 lib/lib.a(setsid.o)
                                         0x2c (size before relaxing)
 .eh_frame      0x0000000000018a6c       0x1c lib/lib.a(execve.o)
                                         0x34 (size before relaxing)
 .eh_frame      0x0000000000018a88       0x38 lib/lib.a(wait.o)
                                         0x50 (size before relaxing)
 .eh_frame      0x0000000000018ac0      0x264 lib/lib.a(string.o)
                                        0x27c (size before relaxing)

.gcc_except_table
 *(.gcc_except_table .gcc_except_table.*)

.exception_ranges
 *(.exception_ranges .exception_ranges*)
                0x0000000000018d24                . = (ALIGN (0x1000) - ((0x1000 - .) & 0xfff))
                0x000000000001a000                . = DATA_SEGMENT_ALIGN (0x1000, 0x1000)

.eh_frame
 *(.eh_frame)

.gcc_except_table
 *(.gcc_except_table .gcc_except_table.*)

.exception_ranges
 *(.exception_ranges .exception_ranges*)

.tdata
 *(.tdata .tdata.* .gnu.linkonce.td.*)

.tbss
 *(.tbss .tbss.* .gnu.linkonce.tb.*)
 *(.tcommon)

.preinit_array  0x000000000001a000        0x0
                [!provide]                        PROVIDE (__preinit_array_start, .)
 *(.preinit_array)
                [!provide]                        PROVIDE (__preinit_array_end, .)

.init_array     0x000000000001a000        0x0
                [!provide]                        PROVIDE (__init_array_start, .)
 *(SORT(.init_array.*) SORT(.ctors.*))
 *(.init_array EXCLUDE_FILE(*crtend?.o *crtend.o *crtbegin?.o *crtbegin.o) .ctors)
                [!provide]                        PROVIDE (__init_array_end, .)

.fini_array     0x000000000001a000        0x0
                [!provide]                        PROVIDE (__fini_array_start, .)
 *(SORT(.fini_array.*) SORT(.dtors.*))
 *(.fini_array EXCLUDE_FILE(*crtend?.o *crtend.o *crtbegin?.o *crtbegin.o) .dtors)
                [!provide]                        PROVIDE (__fini_array_end, .)

.ctors
 *crtbegin.o(.ctors)
 *crtbegin?.o(.ctors)
 *(EXCLUDE_FILE(*crtend?.o *crtend.o) .ctors)
 *(SORT(.ctors.*))
 *(.ctors)

.dtors
 *crtbegin.o(.dtors)
 *crtbegin?.o(.dtors)
 *(EXCLUDE_FILE(*crtend?.o *crtend.o) .dtors)
 *(SORT(.dtors.*))
 *(.dtors)

.jcr
 *(.jcr)

.data.rel.ro
 *(.data.rel.ro.local* .gnu.linkonce.d.rel.ro.local.*)
 *(.data.rel.ro .data.rel.ro.* .gnu.linkonce.d.rel.ro.*)

.dynamic
 *(.dynamic)

.got
 *(.got)
 *(.igot)
                0x000000000001a000                . = DATA_SEGMENT_RELRO_END (., (SIZEOF (.got.plt) >= 0xc)?0xc:0x0)

.got.plt        0x000000000001a000        0x0
 *(.got.plt)
 *(.igot.plt)
 .igot.plt      0x000000000001a000        0x0 boot/head.o

.data           0x000000000001a000     0x3b61
 *(.data .data.* .gnu.linkonce.d.*)
 .data          0x000000000001a000        0x0 boot/head.o
 .data          0x000000000001a000       0x20 init/main.o
 .data          0x000000000001a020     0x136d kernel/kernel.o
                0x000000000001a020                current_DOR
                0x000000000001a024                stack_start
                0x000000000001a040                task
                0x000000000001a140                init_tss
                0x000000000001a214                current
                0x000000000001b220                sys_call_table
 .data          0x000000000001b38d        0x0 mm/mm.o
 *fill*         0x000000000001b38d       0x13 
 .data          0x000000000001b3a0       0x60 fs/fs.o
                0x000000000001b3a4                start_buffer
 .data          0x000000000001b400        0x0 kernel/blk_drv/blk_drv.a(ll_rw_blk.o)
 .data          0x000000000001b400       0xe0 kernel/blk_drv/blk_drv.a(floppy.o)
 .data          0x000000000001b4e0        0xc kernel/blk_drv/blk_drv.a(hd.o)
 .data          0x000000000001b4ec        0x0 kernel/blk_drv/blk_drv.a(ramdisk.o)
 *fill*         0x000000000001b4ec       0x14 
 .data          0x000000000001b500     0x2540 kernel/chr_drv/chr_drv.a(tty_io.o)
                0x000000000001b500                table_list
                0x000000000001b520                tty_table
 .data          0x000000000001da40        0x1 kernel/chr_drv/chr_drv.a(console.o)
 .data          0x000000000001da41        0x0 kernel/chr_drv/chr_drv.a(keyboard.o)
 .data          0x000000000001da41        0x0 kernel/chr_drv/chr_drv.a(serial.o)
 .data          0x000000000001da41        0x0 kernel/chr_drv/chr_drv.a(rs_io.o)
 .data          0x000000000001da41        0x0 kernel/chr_drv/chr_drv.a(tty_ioctl.o)
 .data          0x000000000001da41        0x0 kernel/math/math.a(math_emulate.o)
 *fill*         0x000000000001da41       0x1f 
 .data          0x000000000001da60      0x101 lib/lib.a(ctype.o)
                0x000000000001da60                _ctype
 .data          0x000000000001db61        0x0 lib/lib.a(_exit.o)
 .data          0x000000000001db61        0x0 lib/lib.a(open.o)
 .data          0x000000000001db61        0x0 lib/lib.a(close.o)
 .data          0x000000000001db61        0x0 lib/lib.a(errno.o)
 .data          0x000000000001db61        0x0 lib/lib.a(write.o)
 .data          0x000000000001db61        0x0 lib/lib.a(dup.o)
 .data          0x000000000001db61        0x0 lib/lib.a(setsid.o)
 .data          0x000000000001db61        0x0 lib/lib.a(execve.o)
 .data          0x000000000001db61        0x0 lib/lib.a(wait.o)
 .data          0x000000000001db61        0x0 lib/lib.a(string.o)

.data1
 *(.data1)
                0x000000000001db61                _edata = .
                [!provide]                        PROVIDE (edata, .)
                0x000000000001db61                . = .
                0x000000000001db61                __bss_start = .

.bss            0x000000000001db80     0x4490
 *(.dynbss)
 *(.bss .bss.* .gnu.linkonce.b.*)
 .bss           0x000000000001db80        0x0 boot/head.o
 .bss           0x000000000001db80      0x420 init/main.o
 .bss           0x000000000001dfa0      0x760 kernel/kernel.o
                0x000000000001dfa0                last_task_used_math
                0x000000000001dfa4                startup_time
                0x000000000001dfa8                jiffies
                0x000000000001e2f0                last_pid
 .bss           0x000000000001e700      0xf04 mm/mm.o
 *fill*         0x000000000001f604       0x1c 
 .bss           0x000000000001f620      0x710 fs/fs.o
                0x000000000001f620                inode_table
                0x000000000001fd20                nr_buffers
                0x000000000001fd2c                ROOT_DEV
 *fill*         0x000000000001fd30       0x10 
 .bss           0x000000000001fd40       0x3c kernel/blk_drv/blk_drv.a(ll_rw_blk.o)
                0x000000000001fd40                blk_dev
                0x000000000001fd78                wait_for_request
 .bss           0x000000000001fd7c       0x28 kernel/blk_drv/blk_drv.a(floppy.o)
                0x000000000001fd7c                wait_on_floppy_select
                0x000000000001fd80                selected
                0x000000000001fd84                do_floppy
 *fill*         0x000000000001fda4       0x1c 
 .bss           0x000000000001fdc0       0x94 kernel/blk_drv/blk_drv.a(hd.o)
                0x000000000001fdc0                hd_info
                0x000000000001fdf0                do_hd
 .bss           0x000000000001fe54        0x4 kernel/blk_drv/blk_drv.a(ramdisk.o)
                0x000000000001fe54                rd_length
 .bss           0x000000000001fe58        0x4 kernel/chr_drv/chr_drv.a(tty_io.o)
 *fill*         0x000000000001fe5c        0x4 
 .bss           0x000000000001fe60       0xa5 kernel/chr_drv/chr_drv.a(console.o)
                0x000000000001fe60                beepcount
 .bss           0x000000000001ff05        0x0 kernel/chr_drv/chr_drv.a(keyboard.o)
 .bss           0x000000000001ff05        0x0 kernel/chr_drv/chr_drv.a(serial.o)
 .bss           0x000000000001ff05        0x0 kernel/chr_drv/chr_drv.a(rs_io.o)
 .bss           0x000000000001ff05        0x0 kernel/chr_drv/chr_drv.a(tty_ioctl.o)
 .bss           0x000000000001ff05        0x0 kernel/math/math.a(math_emulate.o)
 .bss           0x000000000001ff05        0x0 lib/lib.a(ctype.o)
 .bss           0x000000000001ff05        0x0 lib/lib.a(_exit.o)
 .bss           0x000000000001ff05        0x0 lib/lib.a(open.o)
 .bss           0x000000000001ff05        0x0 lib/lib.a(close.o)
 .bss           0x000000000001ff05        0x0 lib/lib.a(errno.o)
 .bss           0x000000000001ff05        0x0 lib/lib.a(write.o)
 .bss           0x000000000001ff05        0x0 lib/lib.a(dup.o)
 .bss           0x000000000001ff05        0x0 lib/lib.a(setsid.o)
 .bss           0x000000000001ff05        0x0 lib/lib.a(execve.o)
 .bss           0x000000000001ff05        0x0 lib/lib.a(wait.o)
 .bss           0x000000000001ff05        0x0 lib/lib.a(string.o)
 *(COMMON)
 *fill*         0x000000000001ff05       0x1b 
 COMMON         0x000000000001ff20       0x20 init/main.o
                0x000000000001ff20                drive_info
 COMMON         0x000000000001ff40     0x1000 kernel/kernel.o
                0x000000000001ff40                user_stack
 COMMON         0x0000000000020f40      0xc40 fs/fs.o
                0x0000000000020f40                hash_table
                0x0000000000021420                super_block
                0x0000000000021780                file_table
 COMMON         0x0000000000021b80      0x480 kernel/blk_drv/blk_drv.a(ll_rw_blk.o)
                0x0000000000021b80                request
 COMMON         0x0000000000022000        0x4 kernel/blk_drv/blk_drv.a(ramdisk.o)
                0x0000000000022000                rd_start
 COMMON         0x0000000000022004        0x1 lib/lib.a(ctype.o)
                0x0000000000022004                _ctmp
 *fill*         0x0000000000022005        0x3 
 COMMON         0x0000000000022008        0x4 lib/lib.a(errno.o)
                0x0000000000022008                errno
 COMMON         0x000000000002200c        0x4 lib/lib.a(string.o)
                0x000000000002200c                ___strtok
                0x0000000000022010                . = ALIGN ((. != 0x0)?0x4:0x1)
                0x0000000000022010                . = ALIGN (0x4)
                0x0000000000022010                . = SEGMENT_START ("ldata-segment", .)
                0x0000000000022010                . = ALIGN (0x4)
                0x0000000000022010                _end = .
                0x0000000000022010                PROVIDE (end, .)
                0x0000000000022010                . = DATA_SEGMENT_END (.)

.stab
 *(.stab)

.stabstr
 *(.stabstr)

.stab.excl
 *(.stab.excl)

.stab.exclstr
 *(.stab.exclstr)

.stab.index
 *(.stab.index)

.stab.indexstr
 *(.stab.indexstr)

.comment        0x0000000000000000       0x2d
 *(.comment)
 .comment       0x0000000000000000       0x2d init/main.o
                                         0x2e (size before relaxing)
 .comment       0x000000000000002d      0x1cc kernel/kernel.o
 .comment       0x000000000000002d       0x2e mm/mm.o
 .comment       0x000000000000002d      0x30e fs/fs.o
 .comment       0x000000000000002d       0x2e kernel/blk_drv/blk_drv.a(ll_rw_blk.o)
 .comment       0x000000000000002d       0x2e kernel/blk_drv/blk_drv.a(floppy.o)
 .comment       0x000000000000002d       0x2e kernel/blk_drv/blk_drv.a(hd.o)
 .comment       0x000000000000002d       0x2e kernel/blk_drv/blk_drv.a(ramdisk.o)
 .comment       0x000000000000002d       0x2e kernel/chr_drv/chr_drv.a(tty_io.o)
 .comment       0x000000000000002d       0x2e kernel/chr_drv/chr_drv.a(console.o)
 .comment       0x000000000000002d       0x2e kernel/chr_drv/chr_drv.a(serial.o)
 .comment       0x000000000000002d       0x2e kernel/chr_drv/chr_drv.a(tty_ioctl.o)
 .comment       0x000000000000002d       0x2e kernel/math/math.a(math_emulate.o)
 .comment       0x000000000000002d       0x2e lib/lib.a(ctype.o)
 .comment       0x000000000000002d       0x2e lib/lib.a(_exit.o)
 .comment       0x000000000000002d       0x2e lib/lib.a(open.o)
 .comment       0x000000000000002d       0x2e lib/lib.a(close.o)
 .comment       0x000000000000002d       0x2e lib/lib.a(errno.o)
 .comment       0x000000000000002d       0x2e lib/lib.a(write.o)
 .comment       0x000000000000002d       0x2e lib/lib.a(dup.o)
 .comment       0x000000000000002d       0x2e lib/lib.a(setsid.o)
 .comment       0x000000000000002d       0x2e lib/lib.a(execve.o)
 .comment       0x000000000000002d       0x2e lib/lib.a(wait.o)
 .comment       0x000000000000002d       0x2e lib/lib.a(string.o)

.debug
 *(.debug)

.line
 *(.line)

.debug_srcinfo
 *(.debug_srcinfo)

.debug_sfnames
 *(.debug_sfnames)

.debug_aranges
 *(.debug_aranges)

.debug_pubnames
 *(.debug_pubnames)

.debug_info
 *(.debug_info .gnu.linkonce.wi.*)

.debug_abbrev
 *(.debug_abbrev)

.debug_line
 *(.debug_line .debug_line.* .debug_line_end)

.debug_frame
 *(.debug_frame)

.debug_str
 *(.debug_str)

.debug_loc
 *(.debug_loc)

.debug_macinfo
 *(.debug_macinfo)

.debug_weaknames
 *(.debug_weaknames)

.debug_funcnames
 *(.debug_funcnames)

.debug_typenames
 *(.debug_typenames)

.debug_varnames
 *(.debug_varnames)

.debug_pubtypes
 *(.debug_pubtypes)

.debug_ranges
 *(.debug_ranges)

.debug_macro
 *(.debug_macro)

.gnu.attributes
 *(.gnu.attributes)

/DISCARD/
 *(.note.GNU-stack)
 *(.gnu_debuglink)
 *(.gnu.lto_*)
OUTPUT(tools/system elf32-i386)
